[2m11:14:49[22m [34m[content][39m Syncing content
[2m11:14:49[22m [34m[content][39m Synced content
[2m11:14:49[22m [34m[types][39m Generated [2m58ms[22m
[2m11:14:49[22m [34m[build][39m output: [34m"server"[39m
[2m11:14:49[22m [34m[build][39m mode: [34m"server"[39m
[2m11:14:49[22m [34m[build][39m directory: [34mD:\Vercel\angelaventuratours\dist\[39m
[2m11:14:49[22m [34m[build][39m adapter: [32m@astrojs/vercel[39m
[2m11:14:49[22m [34m[build][39m Collecting build info...
[2m11:14:49[22m [34m[build][39m [32mÔ£ô Completed in 93ms.[39m
[2m11:14:49[22m [34m[build][39m Building server entrypoints...
[2m11:14:51[22m [34m[vite][39m [32mÔ£ô built in 1.61s[39m
[2m11:14:51[22m [34m[build][39m [32mÔ£ô Completed in 1.66s.[39m

[42m[30m building client (vite) [39m[49m
[2m11:14:51[22m [34m[vite][39m transforming...
[2m11:14:52[22m [34m[vite][39m [32mÔ£ô[39m 87 modules transformed.
[2m11:14:52[22m [34m[vite][39m rendering chunks...
[2m11:14:52[22m [34m[vite][39m computing gzip size...
[2m11:14:52[22m [34m[vite][39m [2mdist/client/[22m[32m_astro/plin.Ca25J89q.avif           [39m[1m[2m    2.90 kB[22m[1m[22m
[2m11:14:52[22m [34m[vite][39m [2mdist/client/[22m[32m_astro/western-union.T7x_6XZw.avif  [39m[1m[2m    3.02 kB[22m[1m[22m
[2m11:14:52[22m [34m[vite][39m [2mdist/client/[22m[32m_astro/visa.BuJowzWk.avif           [39m[1m[2m    3.54 kB[22m[1m[22m
[2m11:14:52[22m [34m[vite][39m [2mdist/client/[22m[32m_astro/mastercard.S3RVrdZ-.avif     [39m[1m[2m    3.84 kB[22m[1m[22m
[2m11:14:52[22m [34m[vite][39m [2mdist/client/[22m[32m_astro/paypal.WbqKiSpe.avif         [39m[1m[2m    4.33 kB[22m[1m[22m
[2m11:14:52[22m [34m[vite][39m [2mdist/client/[22m[32m_astro/yape.CsdMIzF1.avif           [39m[1m[2m    4.52 kB[22m[1m[22m
[2m11:14:52[22m [34m[vite][39m [2mdist/client/[22m[32m_astro/dircetur.D8OQV_fm.png        [39m[1m[2m   25.86 kB[22m[1m[22m
[2m11:14:52[22m [34m[vite][39m [2mdist/client/[22m[32m_astro/promperu.Dp5CVADz.png        [39m[1m[2m   40.64 kB[22m[1m[22m
[2m11:14:52[22m [34m[vite][39m [2mdist/client/[22m[32m_astro/ytuqueplanes.yaGRuPB2.png    [39m[1m[2m   59.88 kB[22m[1m[22m
[2m11:14:52[22m [34m[vite][39m [2mdist/client/[22m[32m_astro/mincetur.DEE8jV3I.png        [39m[1m[2m  106.94 kB[22m[1m[22m
[2m11:14:52[22m [34m[vite][39m [2mdist/client/[22m[32m_astro/logo.DjeQ78vG.webp           [39m[1m[2m  147.93 kB[22m[1m[22m
[2m11:14:52[22m [34m[vite][39m [2mdist/client/[22m[32m_astro/villarica-4.DFCcvEKO.png     [39m[1m[2m1,229.78 kB[22m[1m[22m
[2m11:14:52[22m [34m[vite][39m [2mdist/client/[22m[32m_astro/oxapampa-7.BlqL8X8q.png      [39m[1m[2m1,353.30 kB[22m[1m[22m
[2m11:14:52[22m [34m[vite][39m [2mdist/client/[22m[32m_astro/villarica-1.BpiSo6u2.png     [39m[1m[2m1,368.64 kB[22m[1m[22m
[2m11:14:52[22m [34m[vite][39m [2mdist/client/[22m[32m_astro/villarica-7.DhqdLB4f.png     [39m[1m[2m1,412.29 kB[22m[1m[22m
[2m11:14:52[22m [34m[vite][39m [2mdist/client/[22m[32m_astro/villarica-2.BrbOGLjf.png     [39m[1m[2m1,513.92 kB[22m[1m[22m
[2m11:14:52[22m [34m[vite][39m [2mdist/client/[22m[32m_astro/gal1.BAk-AM_P.png            [39m[1m[2m1,566.52 kB[22m[1m[22m
[2m11:14:52[22m [34m[vite][39m [2mdist/client/[22m[32m_astro/oxapampa.CMttPy2Q.png        [39m[1m[2m1,580.37 kB[22m[1m[22m
[2m11:14:52[22m [34m[vite][39m [2mdist/client/[22m[32m_astro/oxapampa-4.BorqkZx_.png      [39m[1m[2m1,613.87 kB[22m[1m[22m
[2m11:14:52[22m [34m[vite][39m [2mdist/client/[22m[32m_astro/oxapampa-2.BErwAetv.png      [39m[1m[2m1,649.69 kB[22m[1m[22m
[2m11:14:52[22m [34m[vite][39m [2mdist/client/[22m[32m_astro/chanchamayo-5.CqmGy1Dk.png   [39m[1m[2m1,683.09 kB[22m[1m[22m
[2m11:14:52[22m [34m[vite][39m [2mdist/client/[22m[32m_astro/gal2.DUoCtRRm.png            [39m[1m[2m1,726.30 kB[22m[1m[22m
[2m11:14:52[22m [34m[vite][39m [2mdist/client/[22m[32m_astro/oxapampa-3.C7Q5NKxZ.png      [39m[1m[2m1,729.26 kB[22m[1m[22m
[2m11:14:52[22m [34m[vite][39m [2mdist/client/[22m[32m_astro/villarica-3.ONxypKd-.png     [39m[1m[2m1,743.23 kB[22m[1m[22m
[2m11:14:52[22m [34m[vite][39m [2mdist/client/[22m[32m_astro/oxapampa-5.TiXauLvI.png      [39m[1m[2m1,762.84 kB[22m[1m[22m
[2m11:14:52[22m [34m[vite][39m [2mdist/client/[22m[32m_astro/villarica-6.Qiu321FK.png     [39m[1m[2m1,775.65 kB[22m[1m[22m
[2m11:14:52[22m [34m[vite][39m [2mdist/client/[22m[32m_astro/gal5.yo9GUKYj.png            [39m[1m[2m1,807.16 kB[22m[1m[22m
[2m11:14:52[22m [34m[vite][39m [2mdist/client/[22m[32m_astro/chanchamayo-4.DHITUxs2.png   [39m[1m[2m1,834.46 kB[22m[1m[22m
[2m11:14:52[22m [34m[vite][39m [2mdist/client/[22m[32m_astro/oxapampa-6.C3C9uZic.png      [39m[1m[2m1,912.35 kB[22m[1m[22m
[2m11:14:52[22m [34m[vite][39m [2mdist/client/[22m[32m_astro/pozuzo.DrA3ua4S.png          [39m[1m[2m1,917.94 kB[22m[1m[22m
[2m11:14:52[22m [34m[vite][39m [2mdist/client/[22m[32m_astro/chanchamayo-6.DAlwf52b.png   [39m[1m[2m1,920.87 kB[22m[1m[22m
[2m11:14:52[22m [34m[vite][39m [2mdist/client/[22m[32m_astro/perene.Dy70kSpw.png          [39m[1m[2m1,926.26 kB[22m[1m[22m
[2m11:14:52[22m [34m[vite][39m [2mdist/client/[22m[32m_astro/chanchamayo-3.D2lwgW9t.png   [39m[1m[2m1,929.41 kB[22m[1m[22m
[2m11:14:52[22m [34m[vite][39m [2mdist/client/[22m[32m_astro/gal3.Df36s_5J.png            [39m[1m[2m2,016.53 kB[22m[1m[22m
[2m11:14:52[22m [34m[vite][39m [2mdist/client/[22m[32m_astro/chanchamayo.CxBINm6D.png     [39m[1m[2m2,020.58 kB[22m[1m[22m
[2m11:14:52[22m [34m[vite][39m [2mdist/client/[22m[32m_astro/chanchamayo-1.KMbZu42N.png   [39m[1m[2m2,084.92 kB[22m[1m[22m
[2m11:14:52[22m [34m[vite][39m [2mdist/client/[22m[32m_astro/gal4.rFrhi7Xy.png            [39m[1m[2m2,107.01 kB[22m[1m[22m
[2m11:14:52[22m [34m[vite][39m [2mdist/client/[22m[32m_astro/oxapampa-1.BB8McNhQ.png      [39m[1m[2m2,276.97 kB[22m[1m[22m
[2m11:14:52[22m [34m[vite][39m [2mdist/client/[22m[32m_astro/la-fortuna.BfVJur5X.png      [39m[1m[2m2,300.82 kB[22m[1m[22m
[2m11:14:52[22m [34m[vite][39m [2mdist/client/[22m[32m_astro/villarica-5.Bv3KF7ng.png     [39m[1m[2m2,318.92 kB[22m[1m[22m
[2m11:14:52[22m [34m[vite][39m [2mdist/client/[22m[32m_astro/villa-rica.Yqn6nPxi.png      [39m[1m[2m2,321.66 kB[22m[1m[22m
[2m11:14:52[22m [34m[vite][39m [2mdist/client/[22m[32m_astro/puente-kimiri.CeRkbHAB.png   [39m[1m[2m2,323.40 kB[22m[1m[22m
[2m11:14:52[22m [34m[vite][39m [2mdist/client/[22m[32m_astro/slide2.CH3jQL2I.png          [39m[1m[2m4,347.98 kB[22m[1m[22m
[2m11:14:52[22m [34m[vite][39m [2mdist/client/[22m[32m_astro/slide3.C6AoFycJ.png          [39m[1m[2m4,740.69 kB[22m[1m[22m
[2m11:14:52[22m [34m[vite][39m [2mdist/client/[22m[32m_astro/slide1.Coq6CPoY.png          [39m[1m[2m5,325.70 kB[22m[1m[22m
[2m11:14:52[22m [34m[vite][39m [2mdist/client/[22m[36m_astro/logo.C5KIjogX.js             [39m[1m[2m    0.06 kB[22m[1m[22m[2m Ôöé gzip:  0.08 kB[22m
[2m11:14:52[22m [34m[vite][39m [2mdist/client/[22m[36m_astro/jsx-runtime.D_zvdyIk.js      [39m[1m[2m    0.73 kB[22m[1m[22m[2m Ôöé gzip:  0.46 kB[22m
[2m11:14:52[22m [34m[vite][39m [2mdist/client/[22m[36m_astro/Socios.Bc8AhlXf.js           [39m[1m[2m    0.93 kB[22m[1m[22m[2m Ôöé gzip:  0.46 kB[22m
[2m11:14:52[22m [34m[vite][39m [2mdist/client/[22m[36m_astro/Pagos.DMC1Cf-V.js            [39m[1m[2m    1.25 kB[22m[1m[22m[2m Ôöé gzip:  0.53 kB[22m
[2m11:14:52[22m [34m[vite][39m [2mdist/client/[22m[36m_astro/TopHeader.DpdrGNmC.js        [39m[1m[2m    2.24 kB[22m[1m[22m[2m Ôöé gzip:  0.72 kB[22m
[2m11:14:52[22m [34m[vite][39m [2mdist/client/[22m[36m_astro/Slider.BpfEcKIo.js           [39m[1m[2m    3.50 kB[22m[1m[22m[2m Ôöé gzip:  1.56 kB[22m
[2m11:14:52[22m [34m[vite][39m [2mdist/client/[22m[36m_astro/Footer.B_vJOm5H.js           [39m[1m[2m    3.52 kB[22m[1m[22m[2m Ôöé gzip:  1.02 kB[22m
[2m11:14:52[22m [34m[vite][39m [2mdist/client/[22m[36m_astro/Recomendation.BmcA-Xvk.js    [39m[1m[2m    3.66 kB[22m[1m[22m[2m Ôöé gzip:  1.58 kB[22m
[2m11:14:52[22m [34m[vite][39m [2mdist/client/[22m[36m_astro/Galeria.CCmhule-.js          [39m[1m[2m    3.77 kB[22m[1m[22m[2m Ôöé gzip:  1.30 kB[22m
[2m11:14:52[22m [34m[vite][39m [2mdist/client/[22m[36m_astro/Navbar.DvBYRtLU.js           [39m[1m[2m    4.51 kB[22m[1m[22m[2m Ôöé gzip:  1.59 kB[22m
[2m11:14:52[22m [34m[vite][39m [2mdist/client/[22m[36m_astro/index.Cd_vQiNd.js            [39m[1m[2m    7.85 kB[22m[1m[22m[2m Ôöé gzip:  3.05 kB[22m
[2m11:14:52[22m [34m[vite][39m [2mdist/client/[22m[36m_astro/client.BfPWZUkF.js           [39m[1m[2m  186.62 kB[22m[1m[22m[2m Ôöé gzip: 58.53 kB[22m
[2m11:14:52[22m [34m[vite][39m [32mÔ£ô built in 1.01s[39m

[42m[30m prerendering static routes [39m[49m
[2m11:14:54[22m [32mÔ£ô Completed in 2.20s.
[39m
[2m11:14:54[22m [34m[build][39m Rearranging server assets...
[2m11:14:58[22m [34m[@astrojs/vercel][39m Bundling function ..\..\..\..\dist\server\entry.mjs
[2m11:15:00[22m [34m[@astrojs/sitemap][39m `sitemap-index.xml` created at `dist\client`
[2m11:15:00[22m [34m[@astrojs/vercel][39m Copying static files to .vercel/output/static
[2m11:15:00[22m [34m[build][39m Server built in [1m11.29s[22m
[2m11:15:00[22m [34m[build][39m [1mComplete![22m
